
PROGRAM "E:\yuliji\trail\CW Project_EXT\bin\demo.abs"

*********************************************************************************************
TARGET SECTION
---------------------------------------------------------------------------------------------
Processor   : Motorola HC12
Memory Model: BANKED
File Format : ELF\Dwarf 2.0
Linker      : SmartLinker V-5.0.22 Build 4047, Feb 17 2004

*********************************************************************************************
FILE SECTION
---------------------------------------------------------------------------------------------
STRING.C.o (ansib.lib)                  Model: BANKED,        Lang: ANSI-C
rtshc12.c.o (ansib.lib)                 Model: BANKED,        Lang: ANSI-C
driver.c.o                              Model: BANKED,        Lang: ANSI-C
global.c.o                              Model: BANKED,        Lang: ANSI-C
main.c.o                                Model: BANKED,        Lang: ANSI-C
START12.C.o                             Model: BANKED,        Lang: ANSI-C
isr_vectors.c.o                         Model: BANKED,        Lang: ANSI-C
test.c.o                                Model: BANKED,        Lang: ANSI-C
IO_Map.C.o                              Model: BANKED,        Lang: ANSI-C
SCI.c.o                                 Model: BANKED,        Lang: ANSI-C
CRG.c.o                                 Model: BANKED,        Lang: ANSI-C
test_api.c.o                            Model: BANKED,        Lang: ANSI-C
os_cpu_c.c.o                            Model: BANKED,        Lang: ANSI-C
osek.c.o                                Model: BANKED,        Lang: ANSI-C

*********************************************************************************************
STARTUP SECTION
---------------------------------------------------------------------------------------------
Entry point: 0xC000 (_Startup)
_startupData is allocated at 0xC012 and uses 24 Bytes
extern struct _tagStartup {
  unsigned flags          0
  _PFunc   main           0x4030    (main)
  long     stackOffset    0x17A9
  unsigned nofZeroOut     1
  _Range   pZeroOut       0x1000     1706
  _Copy    *toCopyDownBeg 0xC826
  int      nofLibInits    0
  _LibInit *libInits      0xC02E
  int      nofInitBodies  0
  _Cpp     *initBodies    0xC030
  int      nofFiniBodies  0
  _Cpp     *finiBodies    0xC030
} _startupData;

*********************************************************************************************
SECTION-ALLOCATION SECTION
Section Name                    Size  Type     From       To       Segment
---------------------------------------------------------------------------------------------
.init                             18     R     0xC000     0xC011   ROM_C000
.startData                        30     R     0xC012     0xC02F   ROM_C000
.rodata                          567     R     0xC030     0xC266   ROM_C000
.rodata1                         928     R     0xC267     0xC606   ROM_C000
NON_BANKED                       543     R     0xC607     0xC825   ROM_C000
.copy                             47     R     0xC826     0xC854   ROM_C000
.text                           7382     R     0x4000     0x5CD5   ROM_4000
.data                             41   R/W     0x1000     0x1028   
.abs_section_ff80                128     R     0xFF80     0xFFFF   .absSeg0
.abs_section_3f                    1   N/I       0x3F       0x3F   .absSeg1
.abs_section_8d                    1   N/I       0x8D       0x8D   .absSeg2
.abs_section_86                    1   N/I       0x86       0x86   .absSeg3
.abs_section_8b                    1   N/I       0x8B       0x8B   .absSeg4
.abs_section_12d                   1   N/I      0x12D      0x12D   .absSeg5
.abs_section_126                   1   N/I      0x126      0x126   .absSeg6
.abs_section_12b                   1   N/I      0x12B      0x12B   .absSeg7
.abs_section_ff06                  1   N/I     0xFF06     0xFF06   .absSeg8
.abs_section_ff07                  1   N/I     0xFF07     0xFF07   .absSeg9
.abs_section_ff01                  1   N/I     0xFF01     0xFF01   .absSeg10
.abs_section_2b                    1   N/I       0x2B       0x2B   .absSeg11
.abs_section_2c                    1   N/I       0x2C       0x2C   .absSeg12
.abs_section_2a                    1   N/I       0x2A       0x2A   .absSeg13
.abs_section_2e                    1   N/I       0x2E       0x2E   .absSeg14
.abs_section_2f                    1   N/I       0x2F       0x2F   .absSeg15
.abs_section_2d                    1   N/I       0x2D       0x2D   .absSeg16
.abs_section_28                    1   N/I       0x28       0x28   .absSeg17
.abs_section_29                    1   N/I       0x29       0x29   .absSeg18
.abs_section_41                    1   N/I       0x41       0x41   .absSeg19
.abs_section_39                    1   N/I       0x39       0x39   .absSeg20
.abs_section_3c                    1   N/I       0x3C       0x3C   .absSeg21
.abs_section_37                    1   N/I       0x37       0x37   .absSeg22
.abs_section_38                    1   N/I       0x38       0x38   .absSeg23
.abs_section_3e                    1   N/I       0x3E       0x3E   .absSeg24
.abs_section_36                    1   N/I       0x36       0x36   .absSeg25
.abs_section_9                     1   N/I        0x9        0x9   .absSeg26
.abs_section_262                   1   N/I      0x262      0x262   .absSeg27
.abs_section_26a                   1   N/I      0x26A      0x26A   .absSeg28
.abs_section_33                    1   N/I       0x33       0x33   .absSeg29
.abs_section_252                   1   N/I      0x252      0x252   .absSeg30
.abs_section_25a                   1   N/I      0x25A      0x25A   .absSeg31
.abs_section_24a                   1   N/I      0x24A      0x24A   .absSeg32
.abs_section_242                   1   N/I      0x242      0x242   .absSeg33
.abs_section_69                    1   N/I       0x69       0x69   .absSeg34
.abs_section_e                     1   N/I        0xE        0xE   .absSeg35
.abs_section_110                   1   N/I      0x110      0x110   .absSeg36
.abs_section_116                   1   N/I      0x116      0x116   .absSeg37
.abs_section_113                   1   N/I      0x113      0x113   .absSeg38
.abs_section_114                   1   N/I      0x114      0x114   .absSeg39
.abs_section_115                   1   N/I      0x115      0x115   .absSeg40
.abs_section_100                   1   N/I      0x100      0x100   .absSeg41
.abs_section_106                   1   N/I      0x106      0x106   .absSeg42
.abs_section_103                   1   N/I      0x103      0x103   .absSeg43
.abs_section_104                   1   N/I      0x104      0x104   .absSeg44
.abs_section_101                   1   N/I      0x101      0x101   .absSeg45
.abs_section_105                   1   N/I      0x105      0x105   .absSeg46
.abs_section_1f                    1   N/I       0x1F       0x1F   .absSeg47
.abs_section_e0                    1   N/I       0xE0       0xE0   .absSeg48
.abs_section_e2                    1   N/I       0xE2       0xE2   .absSeg49
.abs_section_e4                    1   N/I       0xE4       0xE4   .absSeg50
.abs_section_e1                    1   N/I       0xE1       0xE1   .absSeg51
.abs_section_e3                    1   N/I       0xE3       0xE3   .absSeg52
.abs_section_6a                    1   N/I       0x6A       0x6A   .absSeg53
.abs_section_68                    1   N/I       0x68       0x68   .absSeg54
.abs_section_6b                    1   N/I       0x6B       0x6B   .absSeg55
.abs_section_12                    1   N/I       0x12       0x12   .absSeg56
.abs_section_11                    1   N/I       0x11       0x11   .absSeg57
.abs_section_10                    1   N/I       0x10       0x10   .absSeg58
.abs_section_1e                    1   N/I       0x1E       0x1E   .absSeg59
.abs_section_15                    1   N/I       0x15       0x15   .absSeg60
.abs_section_16                    1   N/I       0x16       0x16   .absSeg61
.abs_section_66                    1   N/I       0x66       0x66   .absSeg62
.abs_section_67                    1   N/I       0x67       0x67   .absSeg63
.abs_section_1c                    1   N/I       0x1C       0x1C   .absSeg64
.abs_section_1d                    1   N/I       0x1D       0x1D   .absSeg65
.abs_section_13                    1   N/I       0x13       0x13   .absSeg66
.abs_section_b                     1   N/I        0xB        0xB   .absSeg67
.abs_section_257                   1   N/I      0x257      0x257   .absSeg68
.abs_section_14                    1   N/I       0x14       0x14   .absSeg69
.abs_section_17                    1   N/I       0x17       0x17   .absSeg70
.abs_section_43                    1   N/I       0x43       0x43   .absSeg71
.abs_section_42                    1   N/I       0x42       0x42   .absSeg72
.abs_section_60                    1   N/I       0x60       0x60   .absSeg73
.abs_section_61                    1   N/I       0x61       0x61   .absSeg74
.abs_section_1a                    1   N/I       0x1A       0x1A   .absSeg75
.abs_section_1b                    1   N/I       0x1B       0x1B   .absSeg76
.abs_section_70                    1   N/I       0x70       0x70   .absSeg77
.abs_section_71                    1   N/I       0x71       0x71   .absSeg78
.abs_section_a                     1   N/I        0xA        0xA   .absSeg79
.abs_section_264                   1   N/I      0x264      0x264   .absSeg80
.abs_section_26c                   1   N/I      0x26C      0x26C   .absSeg81
.abs_section_254                   1   N/I      0x254      0x254   .absSeg82
.abs_section_25c                   1   N/I      0x25C      0x25C   .absSeg83
.abs_section_24c                   1   N/I      0x24C      0x24C   .absSeg84
.abs_section_244                   1   N/I      0x244      0x244   .absSeg85
.abs_section_266                   1   N/I      0x266      0x266   .absSeg86
.abs_section_26e                   1   N/I      0x26E      0x26E   .absSeg87
.abs_section_25e                   1   N/I      0x25E      0x25E   .absSeg88
.abs_section_267                   1   N/I      0x267      0x267   .absSeg89
.abs_section_26f                   1   N/I      0x26F      0x26F   .absSeg90
.abs_section_25f                   1   N/I      0x25F      0x25F   .absSeg91
.abs_section_3a                    1   N/I       0x3A       0x3A   .absSeg92
.abs_section_8f                    1   N/I       0x8F       0x8F   .absSeg93
.abs_section_12f                   1   N/I      0x12F      0x12F   .absSeg94
.abs_section_8                     1   N/I        0x8        0x8   .absSeg95
.abs_section_32                    1   N/I       0x32       0x32   .absSeg96
.abs_section_30                    1   N/I       0x30       0x30   .absSeg97
.abs_section_265                   1   N/I      0x265      0x265   .absSeg98
.abs_section_26d                   1   N/I      0x26D      0x26D   .absSeg99
.abs_section_255                   1   N/I      0x255      0x255   .absSeg100
.abs_section_25d                   1   N/I      0x25D      0x25D   .absSeg101
.abs_section_24d                   1   N/I      0x24D      0x24D   .absSeg102
.abs_section_245                   1   N/I      0x245      0x245   .absSeg103
.abs_section_260                   1   N/I      0x260      0x260   .absSeg104
.abs_section_261                   1   N/I      0x261      0x261   .absSeg105
.abs_section_269                   1   N/I      0x269      0x269   .absSeg106
.abs_section_251                   1   N/I      0x251      0x251   .absSeg107
.abs_section_259                   1   N/I      0x259      0x259   .absSeg108
.abs_section_249                   1   N/I      0x249      0x249   .absSeg109
.abs_section_241                   1   N/I      0x241      0x241   .absSeg110
.abs_section_268                   1   N/I      0x268      0x268   .absSeg111
.abs_section_250                   1   N/I      0x250      0x250   .absSeg112
.abs_section_258                   1   N/I      0x258      0x258   .absSeg113
.abs_section_248                   1   N/I      0x248      0x248   .absSeg114
.abs_section_240                   1   N/I      0x240      0x240   .absSeg115
.abs_section_c                     1   N/I        0xC        0xC   .absSeg116
.abs_section_a4                    1   N/I       0xA4       0xA4   .absSeg117
.abs_section_a2                    1   N/I       0xA2       0xA2   .absSeg118
.abs_section_a5                    1   N/I       0xA5       0xA5   .absSeg119
.abs_section_a0                    1   N/I       0xA0       0xA0   .absSeg120
.abs_section_a1                    1   N/I       0xA1       0xA1   .absSeg121
.abs_section_a3                    1   N/I       0xA3       0xA3   .absSeg122
.abs_section_a8                    1   N/I       0xA8       0xA8   .absSeg123
.abs_section_a9                    1   N/I       0xA9       0xA9   .absSeg124
.abs_section_c4                    1   N/I       0xC4       0xC4   .absSeg125
.abs_section_263                   1   N/I      0x263      0x263   .absSeg126
.abs_section_d                     1   N/I        0xD        0xD   .absSeg127
.abs_section_26b                   1   N/I      0x26B      0x26B   .absSeg128
.abs_section_253                   1   N/I      0x253      0x253   .absSeg129
.abs_section_25b                   1   N/I      0x25B      0x25B   .absSeg130
.abs_section_24b                   1   N/I      0x24B      0x24B   .absSeg131
.abs_section_243                   1   N/I      0x243      0x243   .absSeg132
.abs_section_35                    1   N/I       0x35       0x35   .absSeg133
.abs_section_3b                    1   N/I       0x3B       0x3B   .absSeg134
.abs_section_ca                    1   N/I       0xCA       0xCA   .absSeg135
.abs_section_cb                    1   N/I       0xCB       0xCB   .absSeg136
.abs_section_ce                    1   N/I       0xCE       0xCE   .absSeg137
.abs_section_cf                    1   N/I       0xCF       0xCF   .absSeg138
.abs_section_cc                    1   N/I       0xCC       0xCC   .absSeg139
.abs_section_cd                    1   N/I       0xCD       0xCD   .absSeg140
.abs_section_d2                    1   N/I       0xD2       0xD2   .absSeg141
.abs_section_d3                    1   N/I       0xD3       0xD3   .absSeg142
.abs_section_d6                    1   N/I       0xD6       0xD6   .absSeg143
.abs_section_d7                    1   N/I       0xD7       0xD7   .absSeg144
.abs_section_d4                    1   N/I       0xD4       0xD4   .absSeg145
.abs_section_d5                    1   N/I       0xD5       0xD5   .absSeg146
.abs_section_da                    1   N/I       0xDA       0xDA   .absSeg147
.abs_section_d8                    1   N/I       0xD8       0xD8   .absSeg148
.abs_section_d9                    1   N/I       0xD9       0xD9   .absSeg149
.abs_section_dd                    1   N/I       0xDD       0xDD   .absSeg150
.abs_section_db                    1   N/I       0xDB       0xDB   .absSeg151
.abs_section_f2                    1   N/I       0xF2       0xF2   .absSeg152
.abs_section_f0                    1   N/I       0xF0       0xF0   .absSeg153
.abs_section_f1                    1   N/I       0xF1       0xF1   .absSeg154
.abs_section_f5                    1   N/I       0xF5       0xF5   .absSeg155
.abs_section_f3                    1   N/I       0xF3       0xF3   .absSeg156
.abs_section_34                    1   N/I       0x34       0x34   .absSeg157
.abs_section_48                    1   N/I       0x48       0x48   .absSeg158
.abs_section_49                    1   N/I       0x49       0x49   .absSeg159
.abs_section_4a                    1   N/I       0x4A       0x4A   .absSeg160
.abs_section_4b                    1   N/I       0x4B       0x4B   .absSeg161
.abs_section_4e                    1   N/I       0x4E       0x4E   .absSeg162
.abs_section_4f                    1   N/I       0x4F       0x4F   .absSeg163
.abs_section_4c                    1   N/I       0x4C       0x4C   .absSeg164
.abs_section_6d                    1   N/I       0x6D       0x6D   .absSeg165
.abs_section_40                    1   N/I       0x40       0x40   .absSeg166
.abs_section_46                    1   N/I       0x46       0x46   .absSeg167
.abs_section_4d                    1   N/I       0x4D       0x4D   .absSeg168
.abs_section_47                    1   N/I       0x47       0x47   .absSeg169
.abs_section_256                   1   N/I      0x256      0x256   .absSeg170
.abs_section_24e                   1   N/I      0x24E      0x24E   .absSeg171
.abs_section_82                    2   N/I       0x82       0x83   .absSeg172
.abs_section_84                    2   N/I       0x84       0x85   .absSeg173
.abs_section_90                    2   N/I       0x90       0x91   .absSeg174
.abs_section_92                    2   N/I       0x92       0x93   .absSeg175
.abs_section_94                    2   N/I       0x94       0x95   .absSeg176
.abs_section_96                    2   N/I       0x96       0x97   .absSeg177
.abs_section_98                    2   N/I       0x98       0x99   .absSeg178
.abs_section_9a                    2   N/I       0x9A       0x9B   .absSeg179
.abs_section_9c                    2   N/I       0x9C       0x9D   .absSeg180
.abs_section_9e                    2   N/I       0x9E       0x9F   .absSeg181
.abs_section_122                   2   N/I      0x122      0x123   .absSeg182
.abs_section_124                   2   N/I      0x124      0x125   .absSeg183
.abs_section_130                   2   N/I      0x130      0x131   .absSeg184
.abs_section_132                   2   N/I      0x132      0x133   .absSeg185
.abs_section_134                   2   N/I      0x134      0x135   .absSeg186
.abs_section_136                   2   N/I      0x136      0x137   .absSeg187
.abs_section_138                   2   N/I      0x138      0x139   .absSeg188
.abs_section_13a                   2   N/I      0x13A      0x13B   .absSeg189
.abs_section_13c                   2   N/I      0x13C      0x13D   .absSeg190
.abs_section_13e                   2   N/I      0x13E      0x13F   .absSeg191
.abs_section_2                     2   N/I        0x2        0x3   .absSeg192
.abs_section_76                    2   N/I       0x76       0x77   .absSeg193
.abs_section_74                    2   N/I       0x74       0x75   .absSeg194
.abs_section_72                    2   N/I       0x72       0x73   .absSeg195
.abs_section_64                    2   N/I       0x64       0x65   .absSeg196
.abs_section_62                    2   N/I       0x62       0x63   .absSeg197
.abs_section_0                     2   N/I        0x0        0x1   .absSeg198
.abs_section_ac                    2   N/I       0xAC       0xAD   .absSeg199
.abs_section_ae                    2   N/I       0xAE       0xAF   .absSeg200
.abs_section_b0                    2   N/I       0xB0       0xB1   .absSeg201
.abs_section_b2                    2   N/I       0xB2       0xB3   .absSeg202
.abs_section_bc                    2   N/I       0xBC       0xBD   .absSeg203
.abs_section_be                    2   N/I       0xBE       0xBF   .absSeg204
.abs_section_c0                    2   N/I       0xC0       0xC1   .absSeg205
.abs_section_c2                    2   N/I       0xC2       0xC3   .absSeg206
.abs_section_b4                    2   N/I       0xB4       0xB5   .absSeg207
.abs_section_b6                    2   N/I       0xB6       0xB7   .absSeg208
.abs_section_b8                    2   N/I       0xB8       0xB9   .absSeg209
.abs_section_ba                    2   N/I       0xBA       0xBB   .absSeg210
.abs_section_c8                    2   N/I       0xC8       0xC9   .absSeg211
.abs_section_d0                    2   N/I       0xD0       0xD1   .absSeg212
.abs_section_50                    2   N/I       0x50       0x51   .absSeg213
.abs_section_78                    2   N/I       0x78       0x79   .absSeg214
.abs_section_52                    2   N/I       0x52       0x53   .absSeg215
.abs_section_7a                    2   N/I       0x7A       0x7B   .absSeg216
.abs_section_54                    2   N/I       0x54       0x55   .absSeg217
.abs_section_7c                    2   N/I       0x7C       0x7D   .absSeg218
.abs_section_56                    2   N/I       0x56       0x57   .absSeg219
.abs_section_7e                    2   N/I       0x7E       0x7F   .absSeg220
.abs_section_58                    2   N/I       0x58       0x59   .absSeg221
.abs_section_5a                    2   N/I       0x5A       0x5B   .absSeg222
.abs_section_5c                    2   N/I       0x5C       0x5D   .absSeg223
.abs_section_5e                    2   N/I       0x5E       0x5F   .absSeg224
.abs_section_44                    2   N/I       0x44       0x45   .absSeg225
.abs_section_180                   1   N/I      0x180      0x180   .absSeg226
.abs_section_181                   1   N/I      0x181      0x181   .absSeg227
.abs_section_182                   1   N/I      0x182      0x182   .absSeg228
.abs_section_183                   1   N/I      0x183      0x183   .absSeg229
.abs_section_184                   1   N/I      0x184      0x184   .absSeg230
.abs_section_185                   1   N/I      0x185      0x185   .absSeg231
.abs_section_186                   1   N/I      0x186      0x186   .absSeg232
.abs_section_187                   1   N/I      0x187      0x187   .absSeg233
.abs_section_188                   1   N/I      0x188      0x188   .absSeg234
.abs_section_189                   1   N/I      0x189      0x189   .absSeg235
.abs_section_18a                   1   N/I      0x18A      0x18A   .absSeg236
.abs_section_18b                   1   N/I      0x18B      0x18B   .absSeg237
.abs_section_18e                   1   N/I      0x18E      0x18E   .absSeg238
.abs_section_18f                   1   N/I      0x18F      0x18F   .absSeg239
.abs_section_190                   1   N/I      0x190      0x190   .absSeg240
.abs_section_191                   1   N/I      0x191      0x191   .absSeg241
.abs_section_192                   1   N/I      0x192      0x192   .absSeg242
.abs_section_193                   1   N/I      0x193      0x193   .absSeg243
.abs_section_194                   1   N/I      0x194      0x194   .absSeg244
.abs_section_195                   1   N/I      0x195      0x195   .absSeg245
.abs_section_196                   1   N/I      0x196      0x196   .absSeg246
.abs_section_197                   1   N/I      0x197      0x197   .absSeg247
.abs_section_198                   1   N/I      0x198      0x198   .absSeg248
.abs_section_199                   1   N/I      0x199      0x199   .absSeg249
.abs_section_19a                   1   N/I      0x19A      0x19A   .absSeg250
.abs_section_19b                   1   N/I      0x19B      0x19B   .absSeg251
.abs_section_19c                   1   N/I      0x19C      0x19C   .absSeg252
.abs_section_19d                   1   N/I      0x19D      0x19D   .absSeg253
.abs_section_19e                   1   N/I      0x19E      0x19E   .absSeg254
.abs_section_19f                   1   N/I      0x19F      0x19F   .absSeg255
.abs_section_1a0                   1   N/I      0x1A0      0x1A0   .absSeg256
.abs_section_1a1                   1   N/I      0x1A1      0x1A1   .absSeg257
.abs_section_1a2                   1   N/I      0x1A2      0x1A2   .absSeg258
.abs_section_1a3                   1   N/I      0x1A3      0x1A3   .absSeg259
.abs_section_1a4                   1   N/I      0x1A4      0x1A4   .absSeg260
.abs_section_1a5                   1   N/I      0x1A5      0x1A5   .absSeg261
.abs_section_1a6                   1   N/I      0x1A6      0x1A6   .absSeg262
.abs_section_1a7                   1   N/I      0x1A7      0x1A7   .absSeg263
.abs_section_1a8                   1   N/I      0x1A8      0x1A8   .absSeg264
.abs_section_1a9                   1   N/I      0x1A9      0x1A9   .absSeg265
.abs_section_1aa                   1   N/I      0x1AA      0x1AA   .absSeg266
.abs_section_1ab                   1   N/I      0x1AB      0x1AB   .absSeg267
.abs_section_1ac                   1   N/I      0x1AC      0x1AC   .absSeg268
.abs_section_1b0                   1   N/I      0x1B0      0x1B0   .absSeg269
.abs_section_1b1                   1   N/I      0x1B1      0x1B1   .absSeg270
.abs_section_1b2                   1   N/I      0x1B2      0x1B2   .absSeg271
.abs_section_1b3                   1   N/I      0x1B3      0x1B3   .absSeg272
.abs_section_1b4                   1   N/I      0x1B4      0x1B4   .absSeg273
.abs_section_1b5                   1   N/I      0x1B5      0x1B5   .absSeg274
.abs_section_1b6                   1   N/I      0x1B6      0x1B6   .absSeg275
.abs_section_1b7                   1   N/I      0x1B7      0x1B7   .absSeg276
.abs_section_1b8                   1   N/I      0x1B8      0x1B8   .absSeg277
.abs_section_1b9                   1   N/I      0x1B9      0x1B9   .absSeg278
.abs_section_1ba                   1   N/I      0x1BA      0x1BA   .absSeg279
.abs_section_1bb                   1   N/I      0x1BB      0x1BB   .absSeg280
.abs_section_1bc                   1   N/I      0x1BC      0x1BC   .absSeg281
.abs_section_1bf                   1   N/I      0x1BF      0x1BF   .absSeg282
.abs_section_1c0                   1   N/I      0x1C0      0x1C0   .absSeg283
.abs_section_1c1                   1   N/I      0x1C1      0x1C1   .absSeg284
.abs_section_1c2                   1   N/I      0x1C2      0x1C2   .absSeg285
.abs_section_1c3                   1   N/I      0x1C3      0x1C3   .absSeg286
.abs_section_1c4                   1   N/I      0x1C4      0x1C4   .absSeg287
.abs_section_1c5                   1   N/I      0x1C5      0x1C5   .absSeg288
.abs_section_1c6                   1   N/I      0x1C6      0x1C6   .absSeg289
.abs_section_1c7                   1   N/I      0x1C7      0x1C7   .absSeg290
.abs_section_1c8                   1   N/I      0x1C8      0x1C8   .absSeg291
.abs_section_1c9                   1   N/I      0x1C9      0x1C9   .absSeg292
.abs_section_1ca                   1   N/I      0x1CA      0x1CA   .absSeg293
.abs_section_1cb                   1   N/I      0x1CB      0x1CB   .absSeg294
.abs_section_1ce                   1   N/I      0x1CE      0x1CE   .absSeg295
.abs_section_1cf                   1   N/I      0x1CF      0x1CF   .absSeg296
.abs_section_1d0                   1   N/I      0x1D0      0x1D0   .absSeg297
.abs_section_1d1                   1   N/I      0x1D1      0x1D1   .absSeg298
.abs_section_1d2                   1   N/I      0x1D2      0x1D2   .absSeg299
.abs_section_1d3                   1   N/I      0x1D3      0x1D3   .absSeg300
.abs_section_1d4                   1   N/I      0x1D4      0x1D4   .absSeg301
.abs_section_1d5                   1   N/I      0x1D5      0x1D5   .absSeg302
.abs_section_1d6                   1   N/I      0x1D6      0x1D6   .absSeg303
.abs_section_1d7                   1   N/I      0x1D7      0x1D7   .absSeg304
.abs_section_1d8                   1   N/I      0x1D8      0x1D8   .absSeg305
.abs_section_1d9                   1   N/I      0x1D9      0x1D9   .absSeg306
.abs_section_1da                   1   N/I      0x1DA      0x1DA   .absSeg307
.abs_section_1db                   1   N/I      0x1DB      0x1DB   .absSeg308
.abs_section_1dc                   1   N/I      0x1DC      0x1DC   .absSeg309
.abs_section_1dd                   1   N/I      0x1DD      0x1DD   .absSeg310
.abs_section_1de                   1   N/I      0x1DE      0x1DE   .absSeg311
.abs_section_1df                   1   N/I      0x1DF      0x1DF   .absSeg312
.abs_section_1e0                   1   N/I      0x1E0      0x1E0   .absSeg313
.abs_section_1e1                   1   N/I      0x1E1      0x1E1   .absSeg314
.abs_section_1e2                   1   N/I      0x1E2      0x1E2   .absSeg315
.abs_section_1e3                   1   N/I      0x1E3      0x1E3   .absSeg316
.abs_section_1e4                   1   N/I      0x1E4      0x1E4   .absSeg317
.abs_section_1e5                   1   N/I      0x1E5      0x1E5   .absSeg318
.abs_section_1e6                   1   N/I      0x1E6      0x1E6   .absSeg319
.abs_section_1e7                   1   N/I      0x1E7      0x1E7   .absSeg320
.abs_section_1e8                   1   N/I      0x1E8      0x1E8   .absSeg321
.abs_section_1e9                   1   N/I      0x1E9      0x1E9   .absSeg322
.abs_section_1ea                   1   N/I      0x1EA      0x1EA   .absSeg323
.abs_section_1eb                   1   N/I      0x1EB      0x1EB   .absSeg324
.abs_section_1ec                   1   N/I      0x1EC      0x1EC   .absSeg325
.abs_section_1f0                   1   N/I      0x1F0      0x1F0   .absSeg326
.abs_section_1f1                   1   N/I      0x1F1      0x1F1   .absSeg327
.abs_section_1f2                   1   N/I      0x1F2      0x1F2   .absSeg328
.abs_section_1f3                   1   N/I      0x1F3      0x1F3   .absSeg329
.abs_section_1f4                   1   N/I      0x1F4      0x1F4   .absSeg330
.abs_section_1f5                   1   N/I      0x1F5      0x1F5   .absSeg331
.abs_section_1f6                   1   N/I      0x1F6      0x1F6   .absSeg332
.abs_section_1f7                   1   N/I      0x1F7      0x1F7   .absSeg333
.abs_section_1f8                   1   N/I      0x1F8      0x1F8   .absSeg334
.abs_section_1f9                   1   N/I      0x1F9      0x1F9   .absSeg335
.abs_section_1fa                   1   N/I      0x1FA      0x1FA   .absSeg336
.abs_section_1fb                   1   N/I      0x1FB      0x1FB   .absSeg337
.abs_section_1fc                   1   N/I      0x1FC      0x1FC   .absSeg338
.abs_section_1ff                   1   N/I      0x1FF      0x1FF   .absSeg339
.abs_section_200                   1   N/I      0x200      0x200   .absSeg340
.abs_section_201                   1   N/I      0x201      0x201   .absSeg341
.abs_section_202                   1   N/I      0x202      0x202   .absSeg342
.abs_section_203                   1   N/I      0x203      0x203   .absSeg343
.abs_section_204                   1   N/I      0x204      0x204   .absSeg344
.abs_section_205                   1   N/I      0x205      0x205   .absSeg345
.abs_section_206                   1   N/I      0x206      0x206   .absSeg346
.abs_section_207                   1   N/I      0x207      0x207   .absSeg347
.abs_section_208                   1   N/I      0x208      0x208   .absSeg348
.abs_section_209                   1   N/I      0x209      0x209   .absSeg349
.abs_section_20a                   1   N/I      0x20A      0x20A   .absSeg350
.abs_section_20b                   1   N/I      0x20B      0x20B   .absSeg351
.abs_section_20e                   1   N/I      0x20E      0x20E   .absSeg352
.abs_section_20f                   1   N/I      0x20F      0x20F   .absSeg353
.abs_section_210                   1   N/I      0x210      0x210   .absSeg354
.abs_section_211                   1   N/I      0x211      0x211   .absSeg355
.abs_section_212                   1   N/I      0x212      0x212   .absSeg356
.abs_section_213                   1   N/I      0x213      0x213   .absSeg357
.abs_section_218                   1   N/I      0x218      0x218   .absSeg358
.abs_section_219                   1   N/I      0x219      0x219   .absSeg359
.abs_section_21a                   1   N/I      0x21A      0x21A   .absSeg360
.abs_section_21b                   1   N/I      0x21B      0x21B   .absSeg361
.abs_section_214                   1   N/I      0x214      0x214   .absSeg362
.abs_section_215                   1   N/I      0x215      0x215   .absSeg363
.abs_section_216                   1   N/I      0x216      0x216   .absSeg364
.abs_section_217                   1   N/I      0x217      0x217   .absSeg365
.abs_section_21c                   1   N/I      0x21C      0x21C   .absSeg366
.abs_section_21d                   1   N/I      0x21D      0x21D   .absSeg367
.abs_section_21e                   1   N/I      0x21E      0x21E   .absSeg368
.abs_section_21f                   1   N/I      0x21F      0x21F   .absSeg369
.abs_section_220                   1   N/I      0x220      0x220   .absSeg370
.abs_section_221                   1   N/I      0x221      0x221   .absSeg371
.abs_section_222                   1   N/I      0x222      0x222   .absSeg372
.abs_section_223                   1   N/I      0x223      0x223   .absSeg373
.abs_section_224                   1   N/I      0x224      0x224   .absSeg374
.abs_section_225                   1   N/I      0x225      0x225   .absSeg375
.abs_section_226                   1   N/I      0x226      0x226   .absSeg376
.abs_section_227                   1   N/I      0x227      0x227   .absSeg377
.abs_section_228                   1   N/I      0x228      0x228   .absSeg378
.abs_section_229                   1   N/I      0x229      0x229   .absSeg379
.abs_section_22a                   1   N/I      0x22A      0x22A   .absSeg380
.abs_section_22b                   1   N/I      0x22B      0x22B   .absSeg381
.abs_section_22c                   1   N/I      0x22C      0x22C   .absSeg382
.abs_section_230                   1   N/I      0x230      0x230   .absSeg383
.abs_section_231                   1   N/I      0x231      0x231   .absSeg384
.abs_section_232                   1   N/I      0x232      0x232   .absSeg385
.abs_section_233                   1   N/I      0x233      0x233   .absSeg386
.abs_section_234                   1   N/I      0x234      0x234   .absSeg387
.abs_section_235                   1   N/I      0x235      0x235   .absSeg388
.abs_section_236                   1   N/I      0x236      0x236   .absSeg389
.abs_section_237                   1   N/I      0x237      0x237   .absSeg390
.abs_section_238                   1   N/I      0x238      0x238   .absSeg391
.abs_section_239                   1   N/I      0x239      0x239   .absSeg392
.abs_section_23a                   1   N/I      0x23A      0x23A   .absSeg393
.abs_section_23b                   1   N/I      0x23B      0x23B   .absSeg394
.abs_section_23c                   1   N/I      0x23C      0x23C   .absSeg395
.abs_section_23f                   1   N/I      0x23F      0x23F   .absSeg396
.abs_section_280                   1   N/I      0x280      0x280   .absSeg397
.abs_section_281                   1   N/I      0x281      0x281   .absSeg398
.abs_section_282                   1   N/I      0x282      0x282   .absSeg399
.abs_section_283                   1   N/I      0x283      0x283   .absSeg400
.abs_section_284                   1   N/I      0x284      0x284   .absSeg401
.abs_section_285                   1   N/I      0x285      0x285   .absSeg402
.abs_section_286                   1   N/I      0x286      0x286   .absSeg403
.abs_section_287                   1   N/I      0x287      0x287   .absSeg404
.abs_section_288                   1   N/I      0x288      0x288   .absSeg405
.abs_section_289                   1   N/I      0x289      0x289   .absSeg406
.abs_section_28a                   1   N/I      0x28A      0x28A   .absSeg407
.abs_section_28b                   1   N/I      0x28B      0x28B   .absSeg408
.abs_section_28e                   1   N/I      0x28E      0x28E   .absSeg409
.abs_section_28f                   1   N/I      0x28F      0x28F   .absSeg410
.abs_section_290                   1   N/I      0x290      0x290   .absSeg411
.abs_section_291                   1   N/I      0x291      0x291   .absSeg412
.abs_section_292                   1   N/I      0x292      0x292   .absSeg413
.abs_section_293                   1   N/I      0x293      0x293   .absSeg414
.abs_section_294                   1   N/I      0x294      0x294   .absSeg415
.abs_section_295                   1   N/I      0x295      0x295   .absSeg416
.abs_section_296                   1   N/I      0x296      0x296   .absSeg417
.abs_section_297                   1   N/I      0x297      0x297   .absSeg418
.abs_section_298                   1   N/I      0x298      0x298   .absSeg419
.abs_section_299                   1   N/I      0x299      0x299   .absSeg420
.abs_section_29a                   1   N/I      0x29A      0x29A   .absSeg421
.abs_section_29b                   1   N/I      0x29B      0x29B   .absSeg422
.abs_section_29c                   1   N/I      0x29C      0x29C   .absSeg423
.abs_section_29d                   1   N/I      0x29D      0x29D   .absSeg424
.abs_section_29e                   1   N/I      0x29E      0x29E   .absSeg425
.abs_section_29f                   1   N/I      0x29F      0x29F   .absSeg426
.abs_section_2a0                   1   N/I      0x2A0      0x2A0   .absSeg427
.abs_section_2a1                   1   N/I      0x2A1      0x2A1   .absSeg428
.abs_section_2a2                   1   N/I      0x2A2      0x2A2   .absSeg429
.abs_section_2a3                   1   N/I      0x2A3      0x2A3   .absSeg430
.abs_section_2a4                   1   N/I      0x2A4      0x2A4   .absSeg431
.abs_section_2a5                   1   N/I      0x2A5      0x2A5   .absSeg432
.abs_section_2a6                   1   N/I      0x2A6      0x2A6   .absSeg433
.abs_section_2a7                   1   N/I      0x2A7      0x2A7   .absSeg434
.abs_section_2a8                   1   N/I      0x2A8      0x2A8   .absSeg435
.abs_section_2a9                   1   N/I      0x2A9      0x2A9   .absSeg436
.abs_section_2aa                   1   N/I      0x2AA      0x2AA   .absSeg437
.abs_section_2ab                   1   N/I      0x2AB      0x2AB   .absSeg438
.abs_section_2ac                   1   N/I      0x2AC      0x2AC   .absSeg439
.abs_section_2b0                   1   N/I      0x2B0      0x2B0   .absSeg440
.abs_section_2b1                   1   N/I      0x2B1      0x2B1   .absSeg441
.abs_section_2b2                   1   N/I      0x2B2      0x2B2   .absSeg442
.abs_section_2b3                   1   N/I      0x2B3      0x2B3   .absSeg443
.abs_section_2b4                   1   N/I      0x2B4      0x2B4   .absSeg444
.abs_section_2b5                   1   N/I      0x2B5      0x2B5   .absSeg445
.abs_section_2b6                   1   N/I      0x2B6      0x2B6   .absSeg446
.abs_section_2b7                   1   N/I      0x2B7      0x2B7   .absSeg447
.abs_section_2b8                   1   N/I      0x2B8      0x2B8   .absSeg448
.abs_section_2b9                   1   N/I      0x2B9      0x2B9   .absSeg449
.abs_section_2ba                   1   N/I      0x2BA      0x2BA   .absSeg450
.abs_section_2bb                   1   N/I      0x2BB      0x2BB   .absSeg451
.abs_section_2bc                   1   N/I      0x2BC      0x2BC   .absSeg452
.abs_section_2bf                   1   N/I      0x2BF      0x2BF   .absSeg453
.bss                              26   R/W     0x1029     0x1042   
.common                         1639   R/W     0x1043     0x16A9   
.stack                           256   R/W     0x16AA     0x17A9   

Summary of section sizes per section type:
READ_ONLY (R):        25AB (dec:     9643)
READ_WRITE (R/W):      7AA (dec:     1962)
NO_INIT (N/I):         1FB (dec:      507)

*********************************************************************************************
VECTOR-ALLOCATION SECTION
    Address     InitValue   InitFunction
---------------------------------------------------------------------------------------------

*********************************************************************************************
OBJECT-ALLOCATION SECTION
     Name               Module                 Addr   hSize   dSize     Ref    Section   RLIB
---------------------------------------------------------------------------------------------
MODULE:                 -- STRING.C.o (ansib.lib) --
- PROCEDURES:
     memcpy                                    4000      26      38       2   .text       
- VARIABLES:
MODULE:                 -- rtshc12.c.o (ansib.lib) --
- PROCEDURES:
     _LSHRU                                    C607      11      17       1   NON_BANKED  
     _LCMP                                     C618      19      25       2   NON_BANKED  
     _LCMP_P                                   C631      15      21      19   NON_BANKED  
     _LCOM                                     C646       9       9       1   NON_BANKED  
     _LINC                                     C64F       5       5      11   NON_BANKED  
     _LDEC                                     C654       8       8       4   NON_BANKED  
     _FPCMP                                    C65C       8       8       1   NON_BANKED  
- VARIABLES:
MODULE:                 -- driver.c.o --
- PROCEDURES:
     BoardInit                                 4026       9       9       2   .text       
- VARIABLES:
MODULE:                 -- global.c.o --
- PROCEDURES:
     ErrorHook                                 402F       1       1      30   .text       
- VARIABLES:
     extraStackSize                            C030       1       1       1   .rodata     
     os_num_sys_task                           C031       1       1       4   .rodata     
     os_rdy_tbl_size                           C032       1       1       1   .rodata     
     os_max_task                               C033       1       1       1   .rodata     
     os_num_out_res                            C034       1       1       1   .rodata     
     os_num_isr                                C035       1       1       1   .rodata     
     os_num_ctr                                C036       1       1       1   .rodata     
     os_num_alarm                              C037       1       1       6   .rodata     
     RES_SCHEDULER                             1000       2       2       2   .data       
     OSISRCfgTbl                               1002       8       8       2   .data       
     OsLastError                               1029       1       1      17   .bss        
     OSIntNesting                              102A       1       1      11   .bss        
     OSNestedErrorHook                         102B       1       1      55   .bss        
     OSNestedHook                              102C       1       1      32   .bss        
     OSTCBCur                                  102D       2       2      24   .bss        
     OSRdyGrp                                  102F       1       1      35   .bss        
     OSTCBPrioTbl                              1043       A      10      17   .common     
     OSTCBTbl                                  104D      87     135      18   .common     
     OSRdyTbl                                  10D4       1       1      22   .common     
     OSResources                               10D5       7       7       5   .common     
     OSResPrioTbl                              10DC       1       1       1   .common     
     OSAlarms                                  10DD      B0     176      25   .common     
     OSCounters                                118D       C      12       4   .common     
MODULE:                 -- main.c.o --
- PROCEDURES:
     main                                      4030       A      10       0   .text       
- VARIABLES:
     OSTaskCfgTbl                              C038      28      40       1   .rodata     
     OSCounterCfgTbl                           C060       C      12       1   .rodata     
     OSAlarmCfgTbl                             C06C      80     128       1   .rodata     
     Task3                                     100A       2       2       2   .data       
     Event1                                    100C       4       4       5   .data       
     Event2                                    1010       4       4       5   .data       
     AlarmError                                1014       2       2       1   .data       
     Alarm1                                    1016       2       2       4   .data       
     Alarm2                                    1018       2       2       7   .data       
     Alarm3                                    101A       2       2       5   .data       
     Alarm4                                    101C       2       2       4   .data       
     Alarm5                                    101E       2       2       2   .data       
     Alarm6                                    1020       2       2      12   .data       
     Alarm7                                    1022       2       2      12   .data       
     Task1Stack                                1199      64     100       2   .common     
     Task2Stack                                11FD      64     100       2   .common     
     Task3Stack                                1261      64     100       2   .common     
     TaskErrorStack                            12C5      64     100       2   .common     
MODULE:                 -- START12.C.o --
- PROCEDURES:
     Init                                      403A      29      41       2   .text       
     _Startup                                  C000      12      18       4   .init       
- VARIABLES:
     _startupData                              C012      18      24       6   .startData  
MODULE:                 -- isr_vectors.c.o --
- PROCEDURES:
     UnimplementedISR                          C664       2       2      58   NON_BANKED  
- VARIABLES:
     _vect                                     FF80      80     128       0   .abs_section_ff80
MODULE:                 -- test.c.o --
- PROCEDURES:
     CompareAndtestWrite                       4063       E      14      34   .text       
     FuncTask1                                 4071      A6     166       2   .text       
     FuncTask2                                 4117     20D     525      24   .text       
     FuncTask3                                 4324     44E    1102      75   .text       
     FuncTaskError                             4772       D      13       2   .text       
     ShutdownHook                              477F       5       5       2   .text       
     StartupHook                               4784       5       5       2   .text       
- VARIABLES:
     TestName                                  C0EC      19      25       2   .rodata     
     testExpectedResults                       C105      59      89       3   .rodata     
     testSize                                  C15E       1       1       3   .rodata     
     task1_run.1                               1024       1       1       7   .data       
     task_state.2                              1025       1       1       2   .data       
     task2_run.4                               1026       1       1      12   .data       
     task_state.5                              1027       1       1       2   .data       
     task3_run.7                               1028       1       1       8   .data       
     task2_flag                                1030       1       1       9   .bss        
     p_task_state.3                            1031       2       2       2   .bss        
     p_task_state.6                            1033       2       2       2   .bss        
     testCurrentResults                        1329      59      89       3   .common     
MODULE:                 -- IO_Map.C.o --
- PROCEDURES:
- VARIABLES:
     _ARMCOP                                     3F       1       1       0   .abs_section_3f
     _ATD0DIEN                                   8D       1       1       0   .abs_section_8d
     _ATD0STAT0                                  86       1       1       0   .abs_section_86
     _ATD0STAT1                                  8B       1       1       0   .abs_section_8b
     _ATD1DIEN                                  12D       1       1       0   .abs_section_12d
     _ATD1STAT0                                 126       1       1       0   .abs_section_126
     _ATD1STAT1                                 12B       1       1       0   .abs_section_12b
     _BDMCCR                                   FF06       1       1       0   .abs_section_ff06
     _BDMINR                                   FF07       1       1       0   .abs_section_ff07
     _BDMSTS                                   FF01       1       1       0   .abs_section_ff01
     _BKP0H                                      2B       1       1       0   .abs_section_2b
     _BKP0L                                      2C       1       1       0   .abs_section_2c
     _BKP0X                                      2A       1       1       0   .abs_section_2a
     _BKP1H                                      2E       1       1       0   .abs_section_2e
     _BKP1L                                      2F       1       1       0   .abs_section_2f
     _BKP1X                                      2D       1       1       0   .abs_section_2d
     _BKPCT0                                     28       1       1       0   .abs_section_28
     _BKPCT1                                     29       1       1       0   .abs_section_29
     _CFORC                                      41       1       1       0   .abs_section_41
     _CLKSEL                                     39       1       1       0   .abs_section_39
     _COPCTL                                     3C       1       1       0   .abs_section_3c
     _CRGFLG                                     37       1       1       2   .abs_section_37
     _CRGINT                                     38       1       1       1   .abs_section_38
     _CTCTL                                      3E       1       1       0   .abs_section_3e
     _CTFLG                                      36       1       1       0   .abs_section_36
     _DDRE                                        9       1       1       0   .abs_section_9
     _DDRH                                      262       1       1       0   .abs_section_262
     _DDRJ                                      26A       1       1       0   .abs_section_26a
     _DDRK                                       33       1       1       0   .abs_section_33
     _DDRM                                      252       1       1       0   .abs_section_252
     _DDRP                                      25A       1       1       0   .abs_section_25a
     _DDRS                                      24A       1       1       0   .abs_section_24a
     _DDRT                                      242       1       1       0   .abs_section_242
     _DLYCT                                      69       1       1       0   .abs_section_69
     _EBICTL                                      E       1       1       0   .abs_section_e
     _ECLKDIV                                   110       1       1       0   .abs_section_110
     _ECMD                                      116       1       1       0   .abs_section_116
     _ECNFG                                     113       1       1       0   .abs_section_113
     _EPROT                                     114       1       1       0   .abs_section_114
     _ESTAT                                     115       1       1       0   .abs_section_115
     _FCLKDIV                                   100       1       1       0   .abs_section_100
     _FCMD                                      106       1       1       0   .abs_section_106
     _FCNFG                                     103       1       1       0   .abs_section_103
     _FPROT                                     104       1       1       0   .abs_section_104
     _FSEC                                      101       1       1       0   .abs_section_101
     _FSTAT                                     105       1       1       0   .abs_section_105
     _HPRIO                                      1F       1       1       0   .abs_section_1f
     _IBAD                                       E0       1       1       0   .abs_section_e0
     _IBCR                                       E2       1       1       0   .abs_section_e2
     _IBDR                                       E4       1       1       0   .abs_section_e4
     _IBFD                                       E1       1       1       0   .abs_section_e1
     _IBSR                                       E3       1       1       0   .abs_section_e3
     _ICOVW                                      6A       1       1       0   .abs_section_6a
     _ICPAR                                      68       1       1       0   .abs_section_68
     _ICSYS                                      6B       1       1       0   .abs_section_6b
     _INITEE                                     12       1       1       0   .abs_section_12
     _INITRG                                     11       1       1       0   .abs_section_11
     _INITRM                                     10       1       1       0   .abs_section_10
     _INTCR                                      1E       1       1       1   .abs_section_1e
     _ITCR                                       15       1       1       0   .abs_section_15
     _ITEST                                      16       1       1       0   .abs_section_16
     _MCCTL                                      66       1       1       0   .abs_section_66
     _MCFLG                                      67       1       1       0   .abs_section_67
     _MEMSIZ0                                    1C       1       1       0   .abs_section_1c
     _MEMSIZ1                                    1D       1       1       0   .abs_section_1d
     _MISC                                       13       1       1       0   .abs_section_13
     _MODE                                        B       1       1       0   .abs_section_b
     _MODRR                                     257       1       1       0   .abs_section_257
     _MTST0                                      14       1       1       0   .abs_section_14
     _MTST1                                      17       1       1       0   .abs_section_17
     _OC7D                                       43       1       1       0   .abs_section_43
     _OC7M                                       42       1       1       0   .abs_section_42
     _PACTL                                      60       1       1       0   .abs_section_60
     _PAFLG                                      61       1       1       0   .abs_section_61
     _PARTIDH                                    1A       1       1       0   .abs_section_1a
     _PARTIDL                                    1B       1       1       0   .abs_section_1b
     _PBCTL                                      70       1       1       0   .abs_section_70
     _PBFLG                                      71       1       1       0   .abs_section_71
     _PEAR                                        A       1       1       0   .abs_section_a
     _PERH                                      264       1       1       0   .abs_section_264
     _PERJ                                      26C       1       1       0   .abs_section_26c
     _PERM                                      254       1       1       0   .abs_section_254
     _PERP                                      25C       1       1       0   .abs_section_25c
     _PERS                                      24C       1       1       0   .abs_section_24c
     _PERT                                      244       1       1       0   .abs_section_244
     _PIEH                                      266       1       1       0   .abs_section_266
     _PIEJ                                      26E       1       1       0   .abs_section_26e
     _PIEP                                      25E       1       1       0   .abs_section_25e
     _PIFH                                      267       1       1       0   .abs_section_267
     _PIFJ                                      26F       1       1       0   .abs_section_26f
     _PIFP                                      25F       1       1       0   .abs_section_25f
     _PLLCTL                                     3A       1       1       0   .abs_section_3a
     _PORTAD0                                    8F       1       1       0   .abs_section_8f
     _PORTAD1                                   12F       1       1       0   .abs_section_12f
     _PORTE                                       8       1       1       0   .abs_section_8
     _PORTK                                      32       1       1       0   .abs_section_32
     _PPAGE                                      30       1       1       6   .abs_section_30
     _PPSH                                      265       1       1       0   .abs_section_265
     _PPSJ                                      26D       1       1       0   .abs_section_26d
     _PPSM                                      255       1       1       0   .abs_section_255
     _PPSP                                      25D       1       1       0   .abs_section_25d
     _PPSS                                      24D       1       1       0   .abs_section_24d
     _PPST                                      245       1       1       0   .abs_section_245
     _PTH                                       260       1       1       0   .abs_section_260
     _PTIH                                      261       1       1       0   .abs_section_261
     _PTIJ                                      269       1       1       0   .abs_section_269
     _PTIM                                      251       1       1       0   .abs_section_251
     _PTIP                                      259       1       1       0   .abs_section_259
     _PTIS                                      249       1       1       0   .abs_section_249
     _PTIT                                      241       1       1       0   .abs_section_241
     _PTJ                                       268       1       1       0   .abs_section_268
     _PTM                                       250       1       1       0   .abs_section_250
     _PTP                                       258       1       1       0   .abs_section_258
     _PTS                                       248       1       1       0   .abs_section_248
     _PTT                                       240       1       1       0   .abs_section_240
     _PUCR                                        C       1       1       0   .abs_section_c
     _PWMCAE                                     A4       1       1       0   .abs_section_a4
     _PWMCLK                                     A2       1       1       0   .abs_section_a2
     _PWMCTL                                     A5       1       1       0   .abs_section_a5
     _PWME                                       A0       1       1       0   .abs_section_a0
     _PWMPOL                                     A1       1       1       0   .abs_section_a1
     _PWMPRCLK                                   A3       1       1       0   .abs_section_a3
     _PWMSCLA                                    A8       1       1       0   .abs_section_a8
     _PWMSCLB                                    A9       1       1       0   .abs_section_a9
     _PWMSDN                                     C4       1       1       0   .abs_section_c4
     _RDRH                                      263       1       1       0   .abs_section_263
     _RDRIV                                       D       1       1       0   .abs_section_d
     _RDRJ                                      26B       1       1       0   .abs_section_26b
     _RDRM                                      253       1       1       0   .abs_section_253
     _RDRP                                      25B       1       1       0   .abs_section_25b
     _RDRS                                      24B       1       1       0   .abs_section_24b
     _RDRT                                      243       1       1       0   .abs_section_243
     _REFDV                                      35       1       1       0   .abs_section_35
     _RTICTL                                     3B       1       1       1   .abs_section_3b
     _SCI0CR1                                    CA       1       1       0   .abs_section_ca
     _SCI0CR2                                    CB       1       1       3   .abs_section_cb
     _SCI0DRH                                    CE       1       1       0   .abs_section_ce
     _SCI0DRL                                    CF       1       1       2   .abs_section_cf
     _SCI0SR1                                    CC       1       1       2   .abs_section_cc
     _SCI0SR2                                    CD       1       1       0   .abs_section_cd
     _SCI1CR1                                    D2       1       1       0   .abs_section_d2
     _SCI1CR2                                    D3       1       1       0   .abs_section_d3
     _SCI1DRH                                    D6       1       1       0   .abs_section_d6
     _SCI1DRL                                    D7       1       1       0   .abs_section_d7
     _SCI1SR1                                    D4       1       1       0   .abs_section_d4
     _SCI1SR2                                    D5       1       1       0   .abs_section_d5
     _SPI0BR                                     DA       1       1       0   .abs_section_da
     _SPI0CR1                                    D8       1       1       0   .abs_section_d8
     _SPI0CR2                                    D9       1       1       0   .abs_section_d9
     _SPI0DR                                     DD       1       1       0   .abs_section_dd
     _SPI0SR                                     DB       1       1       0   .abs_section_db
     _SPI1BR                                     F2       1       1       0   .abs_section_f2
     _SPI1CR1                                    F0       1       1       0   .abs_section_f0
     _SPI1CR2                                    F1       1       1       0   .abs_section_f1
     _SPI1DR                                     F5       1       1       0   .abs_section_f5
     _SPI1SR                                     F3       1       1       0   .abs_section_f3
     _SYNR                                       34       1       1       0   .abs_section_34
     _TCTL1                                      48       1       1       0   .abs_section_48
     _TCTL2                                      49       1       1       0   .abs_section_49
     _TCTL3                                      4A       1       1       0   .abs_section_4a
     _TCTL4                                      4B       1       1       0   .abs_section_4b
     _TFLG1                                      4E       1       1       0   .abs_section_4e
     _TFLG2                                      4F       1       1       0   .abs_section_4f
     _TIE                                        4C       1       1       0   .abs_section_4c
     _TIMTST                                     6D       1       1       0   .abs_section_6d
     _TIOS                                       40       1       1       0   .abs_section_40
     _TSCR1                                      46       1       1       0   .abs_section_46
     _TSCR2                                      4D       1       1       0   .abs_section_4d
     _TTOV                                       47       1       1       0   .abs_section_47
     _WOMM                                      256       1       1       0   .abs_section_256
     _WOMS                                      24E       1       1       0   .abs_section_24e
     _ATD0CTL23                                  82       2       2       0   .abs_section_82
     _ATD0CTL45                                  84       2       2       0   .abs_section_84
     _ATD0DR0                                    90       2       2       0   .abs_section_90
     _ATD0DR1                                    92       2       2       0   .abs_section_92
     _ATD0DR2                                    94       2       2       0   .abs_section_94
     _ATD0DR3                                    96       2       2       0   .abs_section_96
     _ATD0DR4                                    98       2       2       0   .abs_section_98
     _ATD0DR5                                    9A       2       2       0   .abs_section_9a
     _ATD0DR6                                    9C       2       2       0   .abs_section_9c
     _ATD0DR7                                    9E       2       2       0   .abs_section_9e
     _ATD1CTL23                                 122       2       2       0   .abs_section_122
     _ATD1CTL45                                 124       2       2       0   .abs_section_124
     _ATD1DR0                                   130       2       2       0   .abs_section_130
     _ATD1DR1                                   132       2       2       0   .abs_section_132
     _ATD1DR2                                   134       2       2       0   .abs_section_134
     _ATD1DR3                                   136       2       2       0   .abs_section_136
     _ATD1DR4                                   138       2       2       0   .abs_section_138
     _ATD1DR5                                   13A       2       2       0   .abs_section_13a
     _ATD1DR6                                   13C       2       2       0   .abs_section_13c
     _ATD1DR7                                   13E       2       2       0   .abs_section_13e
     _DDRAB                                       2       2       2       0   .abs_section_2
     _MCCNT                                      76       2       2       0   .abs_section_76
     _PA10H                                      74       2       2       0   .abs_section_74
     _PA32H                                      72       2       2       0   .abs_section_72
     _PACN10                                     64       2       2       0   .abs_section_64
     _PACN32                                     62       2       2       0   .abs_section_62
     _PORTAB                                      0       2       2       0   .abs_section_0
     _PWMCNT01                                   AC       2       2       0   .abs_section_ac
     _PWMCNT23                                   AE       2       2       0   .abs_section_ae
     _PWMCNT45                                   B0       2       2       0   .abs_section_b0
     _PWMCNT67                                   B2       2       2       0   .abs_section_b2
     _PWMDTY01                                   BC       2       2       0   .abs_section_bc
     _PWMDTY23                                   BE       2       2       0   .abs_section_be
     _PWMDTY45                                   C0       2       2       0   .abs_section_c0
     _PWMDTY67                                   C2       2       2       0   .abs_section_c2
     _PWMPER01                                   B4       2       2       0   .abs_section_b4
     _PWMPER23                                   B6       2       2       0   .abs_section_b6
     _PWMPER45                                   B8       2       2       0   .abs_section_b8
     _PWMPER67                                   BA       2       2       0   .abs_section_ba
     _SCI0BD                                     C8       2       2       1   .abs_section_c8
     _SCI1BD                                     D0       2       2       0   .abs_section_d0
     _TC0                                        50       2       2       0   .abs_section_50
     _TC0H                                       78       2       2       0   .abs_section_78
     _TC1                                        52       2       2       0   .abs_section_52
     _TC1H                                       7A       2       2       0   .abs_section_7a
     _TC2                                        54       2       2       0   .abs_section_54
     _TC2H                                       7C       2       2       0   .abs_section_7c
     _TC3                                        56       2       2       0   .abs_section_56
     _TC3H                                       7E       2       2       0   .abs_section_7e
     _TC4                                        58       2       2       0   .abs_section_58
     _TC5                                        5A       2       2       0   .abs_section_5a
     _TC6                                        5C       2       2       0   .abs_section_5c
     _TC7                                        5E       2       2       0   .abs_section_5e
     _TCNT                                       44       2       2       0   .abs_section_44
     _CAN1CTL0                                  180       1       1       0   .abs_section_180
     _CAN1CTL1                                  181       1       1       0   .abs_section_181
     _CAN1BTR0                                  182       1       1       0   .abs_section_182
     _CAN1BTR1                                  183       1       1       0   .abs_section_183
     _CAN1RFLG                                  184       1       1       0   .abs_section_184
     _CAN1RIER                                  185       1       1       0   .abs_section_185
     _CAN1TFLG                                  186       1       1       0   .abs_section_186
     _CAN1TIER                                  187       1       1       0   .abs_section_187
     _CAN1TARQ                                  188       1       1       0   .abs_section_188
     _CAN1TAAK                                  189       1       1       0   .abs_section_189
     _CAN1TBSEL                                 18A       1       1       0   .abs_section_18a
     _CAN1IDAC                                  18B       1       1       0   .abs_section_18b
     _CAN1RXERR                                 18E       1       1       0   .abs_section_18e
     _CAN1TXERR                                 18F       1       1       0   .abs_section_18f
     _CAN1IDAR0                                 190       1       1       0   .abs_section_190
     _CAN1IDAR1                                 191       1       1       0   .abs_section_191
     _CAN1IDAR2                                 192       1       1       0   .abs_section_192
     _CAN1IDAR3                                 193       1       1       0   .abs_section_193
     _CAN1IDMR0                                 194       1       1       0   .abs_section_194
     _CAN1IDMR1                                 195       1       1       0   .abs_section_195
     _CAN1IDMR2                                 196       1       1       0   .abs_section_196
     _CAN1IDMR3                                 197       1       1       0   .abs_section_197
     _CAN1IDAR4                                 198       1       1       0   .abs_section_198
     _CAN1IDAR5                                 199       1       1       0   .abs_section_199
     _CAN1IDAR6                                 19A       1       1       0   .abs_section_19a
     _CAN1IDAR7                                 19B       1       1       0   .abs_section_19b
     _CAN1IDMR4                                 19C       1       1       0   .abs_section_19c
     _CAN1IDMR5                                 19D       1       1       0   .abs_section_19d
     _CAN1IDMR6                                 19E       1       1       0   .abs_section_19e
     _CAN1IDMR7                                 19F       1       1       0   .abs_section_19f
     _CAN1RXIDR0                                1A0       1       1       0   .abs_section_1a0
     _CAN1RXIDR1                                1A1       1       1       0   .abs_section_1a1
     _CAN1RXIDR2                                1A2       1       1       0   .abs_section_1a2
     _CAN1RXIDR3                                1A3       1       1       0   .abs_section_1a3
     _CAN1RXDSR0                                1A4       1       1       0   .abs_section_1a4
     _CAN1RXDSR1                                1A5       1       1       0   .abs_section_1a5
     _CAN1RXDSR2                                1A6       1       1       0   .abs_section_1a6
     _CAN1RXDSR3                                1A7       1       1       0   .abs_section_1a7
     _CAN1RXDSR4                                1A8       1       1       0   .abs_section_1a8
     _CAN1RXDSR5                                1A9       1       1       0   .abs_section_1a9
     _CAN1RXDSR6                                1AA       1       1       0   .abs_section_1aa
     _CAN1RXDSR7                                1AB       1       1       0   .abs_section_1ab
     _CAN1RXDLR                                 1AC       1       1       0   .abs_section_1ac
     _CAN1TXIDR0                                1B0       1       1       0   .abs_section_1b0
     _CAN1TXIDR1                                1B1       1       1       0   .abs_section_1b1
     _CAN1TXIDR2                                1B2       1       1       0   .abs_section_1b2
     _CAN1TXIDR3                                1B3       1       1       0   .abs_section_1b3
     _CAN1TXDSR0                                1B4       1       1       0   .abs_section_1b4
     _CAN1TXDSR1                                1B5       1       1       0   .abs_section_1b5
     _CAN1TXDSR2                                1B6       1       1       0   .abs_section_1b6
     _CAN1TXDSR3                                1B7       1       1       0   .abs_section_1b7
     _CAN1TXDSR4                                1B8       1       1       0   .abs_section_1b8
     _CAN1TXDSR5                                1B9       1       1       0   .abs_section_1b9
     _CAN1TXDSR6                                1BA       1       1       0   .abs_section_1ba
     _CAN1TXDSR7                                1BB       1       1       0   .abs_section_1bb
     _CAN1TXDLR                                 1BC       1       1       0   .abs_section_1bc
     _CAN1TXTBPR                                1BF       1       1       0   .abs_section_1bf
     _CAN2CTL0                                  1C0       1       1       0   .abs_section_1c0
     _CAN2CTL1                                  1C1       1       1       0   .abs_section_1c1
     _CAN2BTR0                                  1C2       1       1       0   .abs_section_1c2
     _CAN2BTR1                                  1C3       1       1       0   .abs_section_1c3
     _CAN2RFLG                                  1C4       1       1       0   .abs_section_1c4
     _CAN2RIER                                  1C5       1       1       0   .abs_section_1c5
     _CAN2TFLG                                  1C6       1       1       0   .abs_section_1c6
     _CAN2TIER                                  1C7       1       1       0   .abs_section_1c7
     _CAN2TARQ                                  1C8       1       1       0   .abs_section_1c8
     _CAN2TAAK                                  1C9       1       1       0   .abs_section_1c9
     _CAN2TBSEL                                 1CA       1       1       0   .abs_section_1ca
     _CAN2IDAC                                  1CB       1       1       0   .abs_section_1cb
     _CAN2RXERR                                 1CE       1       1       0   .abs_section_1ce
     _CAN2TXERR                                 1CF       1       1       0   .abs_section_1cf
     _CAN2IDAR0                                 1D0       1       1       0   .abs_section_1d0
     _CAN2IDAR1                                 1D1       1       1       0   .abs_section_1d1
     _CAN2IDAR2                                 1D2       1       1       0   .abs_section_1d2
     _CAN2IDAR3                                 1D3       1       1       0   .abs_section_1d3
     _CAN2IDMR0                                 1D4       1       1       0   .abs_section_1d4
     _CAN2IDMR1                                 1D5       1       1       0   .abs_section_1d5
     _CAN2IDMR2                                 1D6       1       1       0   .abs_section_1d6
     _CAN2IDMR3                                 1D7       1       1       0   .abs_section_1d7
     _CAN2IDAR4                                 1D8       1       1       0   .abs_section_1d8
     _CAN2IDAR5                                 1D9       1       1       0   .abs_section_1d9
     _CAN2IDAR6                                 1DA       1       1       0   .abs_section_1da
     _CAN2IDAR7                                 1DB       1       1       0   .abs_section_1db
     _CAN2IDMR4                                 1DC       1       1       0   .abs_section_1dc
     _CAN2IDMR5                                 1DD       1       1       0   .abs_section_1dd
     _CAN2IDMR6                                 1DE       1       1       0   .abs_section_1de
     _CAN2IDMR7                                 1DF       1       1       0   .abs_section_1df
     _CAN2RXIDR0                                1E0       1       1       0   .abs_section_1e0
     _CAN2RXIDR1                                1E1       1       1       0   .abs_section_1e1
     _CAN2RXIDR2                                1E2       1       1       0   .abs_section_1e2
     _CAN2RXIDR3                                1E3       1       1       0   .abs_section_1e3
     _CAN2RXDSR0                                1E4       1       1       0   .abs_section_1e4
     _CAN2RXDSR1                                1E5       1       1       0   .abs_section_1e5
     _CAN2RXDSR2                                1E6       1       1       0   .abs_section_1e6
     _CAN2RXDSR3                                1E7       1       1       0   .abs_section_1e7
     _CAN2RXDSR4                                1E8       1       1       0   .abs_section_1e8
     _CAN2RXDSR5                                1E9       1       1       0   .abs_section_1e9
     _CAN2RXDSR6                                1EA       1       1       0   .abs_section_1ea
     _CAN2RXDSR7                                1EB       1       1       0   .abs_section_1eb
     _CAN2RXDLR                                 1EC       1       1       0   .abs_section_1ec
     _CAN2TXIDR0                                1F0       1       1       0   .abs_section_1f0
     _CAN2TXIDR1                                1F1       1       1       0   .abs_section_1f1
     _CAN2TXIDR2                                1F2       1       1       0   .abs_section_1f2
     _CAN2TXIDR3                                1F3       1       1       0   .abs_section_1f3
     _CAN2TXDSR0                                1F4       1       1       0   .abs_section_1f4
     _CAN2TXDSR1                                1F5       1       1       0   .abs_section_1f5
     _CAN2TXDSR2                                1F6       1       1       0   .abs_section_1f6
     _CAN2TXDSR3                                1F7       1       1       0   .abs_section_1f7
     _CAN2TXDSR4                                1F8       1       1       0   .abs_section_1f8
     _CAN2TXDSR5                                1F9       1       1       0   .abs_section_1f9
     _CAN2TXDSR6                                1FA       1       1       0   .abs_section_1fa
     _CAN2TXDSR7                                1FB       1       1       0   .abs_section_1fb
     _CAN2TXDLR                                 1FC       1       1       0   .abs_section_1fc
     _CAN2TXTBPR                                1FF       1       1       0   .abs_section_1ff
     _CAN3CTL0                                  200       1       1       0   .abs_section_200
     _CAN3CTL1                                  201       1       1       0   .abs_section_201
     _CAN3BTR0                                  202       1       1       0   .abs_section_202
     _CAN3BTR1                                  203       1       1       0   .abs_section_203
     _CAN3RFLG                                  204       1       1       0   .abs_section_204
     _CAN3RIER                                  205       1       1       0   .abs_section_205
     _CAN3TFLG                                  206       1       1       0   .abs_section_206
     _CAN3TIER                                  207       1       1       0   .abs_section_207
     _CAN3TARQ                                  208       1       1       0   .abs_section_208
[...]
Name of initialized Object : Alarm1
 10F3
------- ROM-ADDRESS: 0xC842 ---- RAM-ADDRESS: 0x1018 ---- SIZE       2 ---
Name of initialized Object : Alarm2
 1109
------- ROM-ADDRESS: 0xC844 ---- RAM-ADDRESS: 0x101A ---- SIZE       2 ---
Name of initialized Object : Alarm3
 111F
------- ROM-ADDRESS: 0xC846 ---- RAM-ADDRESS: 0x101C ---- SIZE       2 ---
Name of initialized Object : Alarm4
 1135
------- ROM-ADDRESS: 0xC848 ---- RAM-ADDRESS: 0x101E ---- SIZE       2 ---
Name of initialized Object : Alarm5
 114B
------- ROM-ADDRESS: 0xC84A ---- RAM-ADDRESS: 0x1020 ---- SIZE       2 ---
Name of initialized Object : Alarm6
 1161
------- ROM-ADDRESS: 0xC84C ---- RAM-ADDRESS: 0x1022 ---- SIZE       2 ---
Name of initialized Object : Alarm7
 1177
------- ROM-ADDRESS: 0xC84E ---- RAM-ADDRESS: 0x1024 ---- SIZE       1 ---
Name of initialized Object : task1_run.1
 01
------- ROM-ADDRESS: 0xC84F ---- RAM-ADDRESS: 0x1025 ---- SIZE       1 ---
Name of initialized Object : task_state.2
 04
------- ROM-ADDRESS: 0xC850 ---- RAM-ADDRESS: 0x1026 ---- SIZE       1 ---
Name of initialized Object : task2_run.4
 01
------- ROM-ADDRESS: 0xC851 ---- RAM-ADDRESS: 0x1027 ---- SIZE       1 ---
Name of initialized Object : task_state.5
 04
------- ROM-ADDRESS: 0xC852 ---- RAM-ADDRESS: 0x1028 ---- SIZE       1 ---
Name of initialized Object : task3_run.7
 01
------- ROM-ADDRESS: 0xC853 ---- SIZE       2 ---
Filling bytes inserted
 0000

*********************************************************************************************
OBJECT-DEPENDENCIES SECTION
---------------------------------------------------------------------------------------------
RES_SCHEDULER             USES OSResources 
Task3                     USES OSTCBTbl 
AlarmError                USES OSAlarms 
Alarm1                    USES OSAlarms 
Alarm2                    USES OSAlarms 
Alarm3                    USES OSAlarms 
Alarm4                    USES OSAlarms 
Alarm5                    USES OSAlarms 
Alarm6                    USES OSAlarms 
Alarm7                    USES OSAlarms 
BoardInit                 USES SCI0Init OSTickStart 
main                      USES BoardInit StartOS 
Init                      USES _startupData 
CompareAndtestWrite       USES testWrite 
FuncTask1                 USES task_state.2 p_task_state.3 task1_run.1 
                                testWrite Alarm5 SetRelAlarm CompareAndtestWrite Task3 
                                GetTaskState Schedule TerminateTask 
FuncTask2                 USES task_state.5 p_task_state.6 task2_run.4 
                                FuncTask2 CancelAlarm Alarm2 Alarm3 SetRelAlarm Alarm4 
                                Task3 GetTaskState CompareAndtestWrite task2_flag 
                                Schedule Alarm1 TerminateTask GetAlarm testWrite 
FuncTask3                 USES task3_run.7 FuncTask3 AlarmError SetRelAlarm 
                                Alarm6 _LINC CompareAndtestWrite Alarm7 SetAbsAlarm 
                                Alarm3 Alarm2 Alarm1 Alarm4 CancelAlarm Alarm5 Event2 
                                ClearEvent task2_flag ShutdownOS TerminateTask GetAlarm 
                                Event1 WaitEvent GetAlarmBase _LDEC testWrite 
FuncTaskError             USES testWrite ShutdownOS 
ShutdownHook              USES testCompare 
StartupHook               USES testInit 
SCI0Init                  USES _SCI0BD _SCI0CR2 
OSEKPrintChar             USES _SCI0SR1 _SCI0DRL 
OSEKPrintString           USES _SCI0SR1 _SCI0DRL 
OSEKPrintInt              USES OSEKPrintChar STRING....1 OSEKPrintString 
OSTickStart               USES _RTICTL _CRGINT 
testInit                  USES STRING......................1 
                                STRING.........Test.Start...2 STRING........Test.running..3 
                                STRING........Testprogram...4 TestName STRING..Test.sub.Number...d.5 
                                STRING......................6 STRING....7 testSize OSEKPrintString 
testWrite                 USES testSize buffpos testCurrentResults 
testCompare               USES STRING.Buffer.Position.....8 testCompare 
                                OSEKPrintInt STRING....9 testExpectedResults 
                                STRING.End.of.the.Test...10 testCurrentResults STRING...Error..11 
                                STRING.ExpectedResults.....12 STRING....13 STRING.CurrentResults....14 
                                STRING....15 STRING...OK..16 STRING.ExpectedResults...Cu.17 
                                STRING....18 testSize STRING....19 
                                STRING......................20 STRING.........Test.End.....21 
                                STRING........Test.running..22 STRING........Test.program..23 TestName 
                                STRING...being.executed.....24 STRING......................25 STRING....26 
                                STRING................This..27 STRING................This..28 OSEKPrintString 
StartOS                   USES os_num_sys_task os_max_task OSTaskInit 
                                ResourceInit OSAlarmInit OSISRInit StartupHook 
                                ActiveAppMode OSRdyGrp OSUnMapTbl OSRdyTbl OSTCBPrioTbl 
                                OSTCBCur OSTCBTbl OSTaskHighRun 
ShutdownOS                USES SuspendOSInterrupts ShutdownHook _CRGFLG 
                                ResumeOSInterrupts 
OSTaskInit                USES OSTaskCfgTbl OSRdyTbl os_rdy_tbl_size OSTCBTbl 
                                OSTaskIdle OSTaskIdleStk OSRdyGrp OSTaskStkInit 
                                extraStackSize ExtraStack FreeStkTop FreeStkBottom 
                                OSTCBPrioTbl OSTaskInit OSMapTbl os_num_sys_task 
TerminateTask             USES OSTCBCur OsLastError OSNestedErrorHook 
                                OSNestedHook SuspendOSInterrupts ErrorHook 
                                ResumeOSInterrupts OSIntNesting TerminateTask OSTCBTbl OSRdyTbl 
                                OSRdyGrp OSTCBPrioTbl OSTCBOld OSUnMapTbl OSTaskHighRun 
                                OSIntCtxSw 
GetTaskState              USES os_num_sys_task OSTCBTbl OsLastError 
                                OSNestedErrorHook OSNestedHook SuspendOSInterrupts ErrorHook 
                                ResumeOSInterrupts OSTCBCur 
Schedule                  USES OSIntNesting OsLastError OSNestedErrorHook 
                                OSNestedHook SuspendOSInterrupts ErrorHook 
                                ResumeOSInterrupts OSTCBCur Schedule OSTCBTbl OSRdyTbl OSRdyGrp 
                                OSTCBPrioTbl OSTCBOld OSUnMapTbl 
OSActivateTask            USES OSTCBCur OSActivateTask OSTaskStkInit 
                                OSIntNesting OSTCBOld OSTCBTbl OSTCBPrioTbl OSRdyTbl 
                                OSRdyGrp 
ResourceInit              USES OSResPrioTbl OSResources os_num_out_res 
                                os_num_sys_task RES_SCHEDULER 
ClearEvent                USES OSTCBCur OsLastError OSNestedErrorHook 
                                OSNestedHook SuspendOSInterrupts ErrorHook 
                                ResumeOSInterrupts OSIntNesting _LCOM 
WaitEvent                 USES OSTCBCur OsLastError OSNestedErrorHook 
                                OSNestedHook SuspendOSInterrupts WaitEvent 
                                ResumeOSInterrupts OSIntNesting _LCMP OSTCBTbl OSRdyTbl OSRdyGrp 
                                OSTCBPrioTbl OSTCBOld OSUnMapTbl ErrorHook 
OSSetEvent                USES OSTCBCur _LCMP OSRdyGrp OSRdyTbl OSIntNesting 
                                OSTCBOld OSTCBTbl OSTCBPrioTbl 
OSAlarmInit               USES OSAlarms OSAlarmCfgTbl OSCounters 
                                OSCounterCfgTbl os_num_ctr OSTCBTbl OSInsertAlarm os_num_alarm 
OSInsertAlarm             USES OSInsertAlarm _LCMP_P _LINC 
OSDeleteAlarm             USES _LCMP_P _LINC 
OSCounterTrigger          USES _LINC _LDEC OSCheckAlarms 
OSCheckAlarms             USES OSNotifyAlarm OSCheckAlarms _LCMP_P _LINC 
OSNotifyAlarm             USES OSSetEvent OSActivateTask _LCMP_P _LDEC 
GetAlarmBase              USES os_num_alarm OSAlarms OsLastError 
                                OSNestedErrorHook OSNestedHook SuspendOSInterrupts ErrorHook 
                                ResumeOSInterrupts memcpy 
GetAlarm                  USES os_num_alarm OSAlarms OsLastError 
                                OSNestedErrorHook OSNestedHook SuspendOSInterrupts ErrorHook 
                                ResumeOSInterrupts _LCMP_P _LINC 
SetRelAlarm               USES os_num_alarm OSAlarms SetRelAlarm 
                                SuspendOSInterrupts ResumeOSInterrupts OSNestedErrorHook _LCMP_P 
                                OSNotifyAlarm _LDEC OSInsertAlarm ErrorHook OSNestedHook 
                                OsLastError 
SetAbsAlarm               USES os_num_alarm OSAlarms SetAbsAlarm 
                                SuspendOSInterrupts ResumeOSInterrupts OSNestedErrorHook _LCMP_P 
                                OSNotifyAlarm _LINC OSInsertAlarm ErrorHook OSNestedHook 
                                OsLastError 
CancelAlarm               USES os_num_alarm OSAlarms OsLastError 
                                OSNestedErrorHook OSNestedHook SuspendOSInterrupts ErrorHook 
                                ResumeOSInterrupts OSDeleteAlarm 
_Startup                  USES _startupData Init 
OSTaskCfgTbl              USES FuncTask1 Task1Stack FuncTask2 Task2Stack 
                                FuncTask3 Task3Stack FuncTaskError TaskErrorStack 
OSAlarmCfgTbl             USES Event1 Event2 
OSTaskHighRun             USES OSTCBCur _PPAGE 
OSTaskSwitch              USES _PPAGE OSTCBOld OSTCBCur 
OSIntCtxSw                USES OSTCBCur _PPAGE 
OSISRInit                 USES OSISRCfgTbl ISRVector _LINC _INTCR _LSHRU 
                                OSISRCategory2Mask os_num_isr 
OSIntExit                 USES OSIntNesting OSTCBCur OSIntExit OSRdyGrp 
                                OSUnMapTbl OSRdyTbl OSTCBPrioTbl OSTCBOld OSTCBTbl 
                                OSTaskHighRun OSIntCtxSw 
SuspendOSInterrupts       USES OSSuspendCount 
ResumeOSInterrupts        USES OSSuspendCount 
OS_RTI_ISR                USES _PPAGE OSIntNesting OSTCBCur _CRGFLG ISRVector 
                                _FPCMP OSCounters OSCounterTrigger OSIntExit 
_vect                     USES UnimplementedISR OS_RTI_ISR OSTaskSwitch 
                                _Startup 

*********************************************************************************************
DEPENDENCY TREE
*********************************************************************************************
 main and _Startup Group
 | 
 +- main                
 |  | 
 |  +- BoardInit           
 |  |  | 
 |  |  +- SCI0Init            
 |  |  |    
 |  |  +- OSTickStart         
 |  |       
 |  +- StartOS             
 |     | 
 |     +- OSTaskInit          
 |     |  | 
 |     |  +- OSTaskCfgTbl        
 |     |  |  | 
 |     |  |  +- FuncTask1           
 |     |  |  |  | 
 |     |  |  |  +- testWrite           
 |     |  |  |  |    
 |     |  |  |  +- SetRelAlarm         
 |     |  |  |  |  | 
 |     |  |  |  |  +- SuspendOSInterrupts 
 |     |  |  |  |  |    
 |     |  |  |  |  +- ResumeOSInterrupts  
 |     |  |  |  |  |    
 |     |  |  |  |  +- _LCMP_P             
 |     |  |  |  |  |    
 |     |  |  |  |  +- OSNotifyAlarm       
 |     |  |  |  |  |  | 
 |     |  |  |  |  |  +- OSSetEvent          
 |     |  |  |  |  |  |  | 
 |     |  |  |  |  |  |  +- _LCMP               
 |     |  |  |  |  |  |       
 |     |  |  |  |  |  +- OSActivateTask      
 |     |  |  |  |  |  |  | 
 |     |  |  |  |  |  |  +- OSTaskStkInit       
 |     |  |  |  |  |  |       
 |     |  |  |  |  |  +- _LCMP_P              (see above)
 |     |  |  |  |  |  |  
 |     |  |  |  |  |  +- _LDEC               
 |     |  |  |  |  |       
 |     |  |  |  |  +- _LDEC                (see above)
 |     |  |  |  |  |  
 |     |  |  |  |  +- OSInsertAlarm       
 |     |  |  |  |  |  | 
 |     |  |  |  |  |  +- _LCMP_P              (see above)
 |     |  |  |  |  |  |  
 |     |  |  |  |  |  +- _LINC               
 |     |  |  |  |  |       
 |     |  |  |  |  +- ErrorHook           
 |     |  |  |  |       
 |     |  |  |  +- CompareAndtestWrite 
 |     |  |  |  |  | 
 |     |  |  |  |  +- testWrite            (see above)
 |     |  |  |  |     
 |     |  |  |  +- GetTaskState        
 |     |  |  |  |  | 
 |     |  |  |  |  +- SuspendOSInterrupts  (see above)
 |     |  |  |  |  |  
 |     |  |  |  |  +- ErrorHook            (see above)
 |     |  |  |  |  |  
 |     |  |  |  |  +- ResumeOSInterrupts   (see above)
 |     |  |  |  |     
 |     |  |  |  +- Schedule            
 |     |  |  |  |  | 
 |     |  |  |  |  +- SuspendOSInterrupts  (see above)
 |     |  |  |  |  |  
 |     |  |  |  |  +- ErrorHook            (see above)
 |     |  |  |  |  |  
 |     |  |  |  |  +- ResumeOSInterrupts   (see above)
 |     |  |  |  |     
 |     |  |  |  +- TerminateTask       
 |     |  |  |     | 
 |     |  |  |     +- SuspendOSInterrupts  (see above)
 |     |  |  |     |  
 |     |  |  |     +- ErrorHook            (see above)
 |     |  |  |     |  
 |     |  |  |     +- ResumeOSInterrupts   (see above)
 |     |  |  |     |  
 |     |  |  |     +- OSTaskHighRun       
 |     |  |  |     |    
 |     |  |  |     +- OSIntCtxSw          
 |     |  |  |          
 |     |  |  +- FuncTask2           
 |     |  |  |  | 
 |     |  |  |  +- CancelAlarm         
 |     |  |  |  |  | 
 |     |  |  |  |  +- SuspendOSInterrupts  (see above)
 |     |  |  |  |  |  
 |     |  |  |  |  +- ErrorHook            (see above)
 |     |  |  |  |  |  
 |     |  |  |  |  +- ResumeOSInterrupts   (see above)
 |     |  |  |  |  |  
 |     |  |  |  |  +- OSDeleteAlarm       
 |     |  |  |  |     | 
 |     |  |  |  |     +- _LCMP_P              (see above)
 |     |  |  |  |     |  
 |     |  |  |  |     +- _LINC                (see above)
 |     |  |  |  |        
 |     |  |  |  +- SetRelAlarm          (see above)
 |     |  |  |  |  
 |     |  |  |  +- GetTaskState         (see above)
 |     |  |  |  |  
 |     |  |  |  +- CompareAndtestWrite  (see above)
 |     |  |  |  |  
 |     |  |  |  +- Schedule             (see above)
 |     |  |  |  |  
 |     |  |  |  +- TerminateTask        (see above)
 |     |  |  |  |  
 |     |  |  |  +- GetAlarm            
 |     |  |  |  |  | 
 |     |  |  |  |  +- SuspendOSInterrupts  (see above)
 |     |  |  |  |  |  
 |     |  |  |  |  +- ErrorHook            (see above)
 |     |  |  |  |  |  
 |     |  |  |  |  +- ResumeOSInterrupts   (see above)
 |     |  |  |  |  |  
 |     |  |  |  |  +- _LCMP_P              (see above)
 |     |  |  |  |  |  
 |     |  |  |  |  +- _LINC                (see above)
 |     |  |  |  |     
 |     |  |  |  +- testWrite            (see above)
 |     |  |  |     
 |     |  |  +- FuncTask3           
 |     |  |  |  | 
 |     |  |  |  +- SetRelAlarm          (see above)
 |     |  |  |  |  
 |     |  |  |  +- _LINC                (see above)
 |     |  |  |  |  
 |     |  |  |  +- CompareAndtestWrite  (see above)
 |     |  |  |  |  
 |     |  |  |  +- SetAbsAlarm         
 |     |  |  |  |  | 
 |     |  |  |  |  +- SuspendOSInterrupts  (see above)
 |     |  |  |  |  |  
 |     |  |  |  |  +- ResumeOSInterrupts   (see above)
 |     |  |  |  |  |  
 |     |  |  |  |  +- _LCMP_P              (see above)
 |     |  |  |  |  |  
 |     |  |  |  |  +- OSNotifyAlarm        (see above)
 |     |  |  |  |  |  
 |     |  |  |  |  +- _LINC                (see above)
 |     |  |  |  |  |  
 |     |  |  |  |  +- OSInsertAlarm        (see above)
 |     |  |  |  |  |  
 |     |  |  |  |  +- ErrorHook            (see above)
 |     |  |  |  |     
 |     |  |  |  +- CancelAlarm          (see above)
 |     |  |  |  |  
 |     |  |  |  +- ClearEvent          
 |     |  |  |  |  | 
 |     |  |  |  |  +- SuspendOSInterrupts  (see above)
 |     |  |  |  |  |  
 |     |  |  |  |  +- ErrorHook            (see above)
 |     |  |  |  |  |  
 |     |  |  |  |  +- ResumeOSInterrupts   (see above)
 |     |  |  |  |  |  
 |     |  |  |  |  +- _LCOM               
 |     |  |  |  |       
 |     |  |  |  +- ShutdownOS          
 |     |  |  |  |  | 
 |     |  |  |  |  +- SuspendOSInterrupts  (see above)
 |     |  |  |  |  |  
 |     |  |  |  |  +- ShutdownHook        
 |     |  |  |  |  |  | 
 |     |  |  |  |  |  +- testCompare         
 |     |  |  |  |  |     | 
 |     |  |  |  |  |     +- OSEKPrintInt        
 |     |  |  |  |  |     |  | 
 |     |  |  |  |  |     |  +- OSEKPrintChar       
 |     |  |  |  |  |     |  |    
 |     |  |  |  |  |     |  +- OSEKPrintString     
 |     |  |  |  |  |     |       
 |     |  |  |  |  |     +- OSEKPrintString      (see above)
 |     |  |  |  |  |        
 |     |  |  |  |  +- ResumeOSInterrupts   (see above)
 |     |  |  |  |     
 |     |  |  |  +- TerminateTask        (see above)
 |     |  |  |  |  
 |     |  |  |  +- GetAlarm             (see above)
 |     |  |  |  |  
 |     |  |  |  +- WaitEvent           
 |     |  |  |  |  | 
 |     |  |  |  |  +- SuspendOSInterrupts  (see above)
 |     |  |  |  |  |  
 |     |  |  |  |  +- ResumeOSInterrupts   (see above)
 |     |  |  |  |  |  
 |     |  |  |  |  +- _LCMP                (see above)
 |     |  |  |  |  |  
 |     |  |  |  |  +- ErrorHook            (see above)
 |     |  |  |  |     
 |     |  |  |  +- GetAlarmBase        
 |     |  |  |  |  | 
 |     |  |  |  |  +- SuspendOSInterrupts  (see above)
 |     |  |  |  |  |  
 |     |  |  |  |  +- ErrorHook            (see above)
 |     |  |  |  |  |  
 |     |  |  |  |  +- ResumeOSInterrupts   (see above)
 |     |  |  |  |  |  
 |     |  |  |  |  +- memcpy              
 |     |  |  |  |       
 |     |  |  |  +- _LDEC                (see above)
 |     |  |  |  |  
 |     |  |  |  +- testWrite            (see above)
 |     |  |  |     
 |     |  |  +- FuncTaskError       
 |     |  |     | 
 |     |  |     +- testWrite            (see above)
 |     |  |     |  
 |     |  |     +- ShutdownOS           (see above)
 |     |  |        
 |     |  +- OSTaskIdle          
 |     |  |    
 |     |  +- OSTaskStkInit        (see above)
 |     |     
 |     +- ResourceInit        
 |     |    
 |     +- OSAlarmInit         
 |     |  | 
 |     |  +- OSInsertAlarm        (see above)
 |     |     
 |     +- OSISRInit           
 |     |  | 
 |     |  +- _LINC                (see above)
 |     |  |  
 |     |  +- _LSHRU              
 |     |       
 |     +- StartupHook         
 |     |  | 
 |     |  +- testInit            
 |     |     | 
 |     |     +- OSEKPrintString      (see above)
 |     |        
 |     +- OSTaskHighRun        (see above)
 |        
 +- _Startup            
    | 
    +- Init                
         
 _vect               
 | 
 +- UnimplementedISR    
 |    
 +- OS_RTI_ISR          
 |  | 
 |  +- _FPCMP              
 |  |    
 |  +- OSCounterTrigger    
 |  |  | 
 |  |  +- _LINC                (see above)
 |  |  |  
 |  |  +- _LDEC                (see above)
 |  |  |  
 |  |  +- OSCheckAlarms       
 |  |     | 
 |  |     +- OSNotifyAlarm        (see above)
 |  |     |  
 |  |     +- _LCMP_P              (see above)
 |  |     |  
 |  |     +- _LINC                (see above)
 |  |        
 |  +- OSIntExit           
 |     | 
 |     +- OSTaskHighRun        (see above)
 |     |  
 |     +- OSIntCtxSw           (see above)
 |        
 +- OSTaskSwitch        
 |    
 +- _Startup             (see above)
    
*********************************************************************************************
STATISTIC SECTION
---------------------------------------------------------------------------------------------

ExeFile:
--------
Number of blocks to be downloaded: 7
Total size of all blocks to be downloaded: 9643

